// Jest Snapshot v1, https://goo.gl/fbAQLP

exports[`<App /> Before font loading 1`] = `null`;
